-- The CXX compiler identification is GNU 14.2.0
-- Detecting CXX compiler ABI info
-- Detecting CXX compiler ABI info - done
-- Check for working CXX compiler: /usr/bin/c++ - skipped
-- Detecting CXX compile features
-- Detecting CXX compile features - done
-- Performing Test CMAKE_HAVE_LIBC_PTHREAD
-- Performing Test CMAKE_HAVE_LIBC_PTHREAD - Success
-- Found Threads: TRUE
-- Configuring done (1.4s)
-- Generating done (0.0s)
-- Build files have been written to: /home/admin/piaoip-release-2.5.0-20261003/src/AoIP-debug-tool/build/package-pi5/cmake
[  2%] Building CXX object aoip/CMakeFiles/aoip_core.dir/src/core/profile.cpp.o
[  4%] Building CXX object aoip/CMakeFiles/aoip_core.dir/src/core/protocol.cpp.o
[  7%] Building CXX object aoip/CMakeFiles/aoip_core.dir/src/core/timeline.cpp.o
[  9%] Building CXX object aoip/CMakeFiles/aoip_core.dir/src/core/transport_budget.cpp.o
[ 12%] Building CXX object aoip/CMakeFiles/aoip_core.dir/src/core/pcm_codec.cpp.o
[ 14%] Linking CXX static library libaoip_core.a
[ 14%] Built target aoip_core
[ 17%] Building CXX object CMakeFiles/aoip_transport_tests.dir/tests/core/transport_tests.cpp.o
[ 19%] Building CXX object CMakeFiles/aoip_core_tests.dir/tests/core/core_tests.cpp.o
[ 21%] Linking CXX executable bin/aoip_transport_tests
[ 21%] Built target aoip_transport_tests
[ 24%] Building CXX object aoip/CMakeFiles/aoip_peer.dir/src/peer/platform.cpp.o
[ 26%] Linking CXX executable bin/aoip_core_tests
[ 26%] Built target aoip_core_tests
[ 29%] Building CXX object CMakeFiles/aoip_transport_budget_tests.dir/tests/core/transport_budget_tests.cpp.o
[ 31%] Linking CXX executable bin/aoip_transport_budget_tests
[ 31%] Built target aoip_transport_budget_tests
[ 34%] Building CXX object CMakeFiles/aoip_pcm_codec_tests.dir/tests/core/pcm_codec_tests.cpp.o
[ 36%] Building CXX object aoip/CMakeFiles/aoip_peer.dir/src/peer/receive.cpp.o
[ 39%] Linking CXX executable bin/aoip_pcm_codec_tests
[ 39%] Built target aoip_pcm_codec_tests
[ 41%] Building CXX object CMakeFiles/pcm_codec_bench.dir/tools/benchmarks/pcm_codec_bench.cpp.o
[ 43%] Linking CXX executable bin/pcm_codec_bench
[ 43%] Built target pcm_codec_bench
[ 46%] Building CXX object CMakeFiles/packet_queue_bench.dir/tools/benchmarks/packet_queue_bench.cpp.o
[ 48%] Building CXX object aoip/CMakeFiles/aoip_peer.dir/src/peer/control.cpp.o
[ 51%] Linking CXX executable bin/packet_queue_bench
[ 51%] Built target packet_queue_bench
[ 53%] Building CXX object CMakeFiles/core_pipeline.dir/examples/core/core_pipeline.cpp.o
[ 56%] Building CXX object aoip/CMakeFiles/aoip_peer.dir/src/peer/profile_store.cpp.o
[ 58%] Linking CXX executable bin/core_pipeline
[ 58%] Built target core_pipeline
[ 60%] Building CXX object aoip/CMakeFiles/aoip_peer.dir/src/peer/service.cpp.o
[ 63%] Building CXX object aoip/CMakeFiles/aoip_peer.dir/src/peer/device_identity.cpp.o
[ 65%] Linking CXX static library libaoip_peer.a
[ 65%] Built target aoip_peer
[ 68%] Building CXX object CMakeFiles/aoip_control_session_tests.dir/tests/core/control_session_tests.cpp.o
[ 70%] Building CXX object CMakeFiles/aoip_datagram_tests.dir/tests/core/datagram_tests.cpp.o
[ 73%] Linking CXX executable bin/aoip_control_session_tests
[ 73%] Built target aoip_control_session_tests
[ 75%] Building CXX object CMakeFiles/peer_profile.dir/examples/core/peer_profile.cpp.o
[ 78%] Linking CXX executable bin/aoip_datagram_tests
[ 78%] Built target aoip_datagram_tests
[ 80%] Building CXX object CMakeFiles/aoip_peer_cli.dir/apps/peer_main.cpp.o
[ 82%] Linking CXX executable bin/peer_profile
[ 85%] Linking CXX executable bin/aoip_peer
[ 85%] Built target peer_profile
[ 87%] Building CXX object pi5/CMakeFiles/aoip_rpi5.dir/src/rpi5.cpp.o
[ 87%] Built target aoip_peer_cli
[ 90%] Linking CXX static library libaoip_rpi5.a
[ 90%] Built target aoip_rpi5
[ 92%] Building CXX object CMakeFiles/rpi5_platform_policy.dir/tests/pi5/platform_policy.cpp.o
[ 95%] Building CXX object pi5/CMakeFiles/aoip_peer_rpi5.dir/apps/main.cpp.o
[ 97%] Linking CXX executable bin/rpi5_platform_policy
[100%] Linking CXX executable ../bin/aoip_peer_rpi5
[100%] Built target rpi5_platform_policy
[100%] Built target aoip_peer_rpi5
Internal ctest changing into directory: /home/admin/piaoip-release-2.5.0-20261003/src/AoIP-debug-tool/build/package-pi5/cmake
Test project /home/admin/piaoip-release-2.5.0-20261003/src/AoIP-debug-tool/build/package-pi5/cmake
    Start 1: core
1/9 Test #1: core .............................   Passed    0.05 sec
    Start 2: transport
2/9 Test #2: transport ........................   Passed    0.18 sec
    Start 3: datagram
3/9 Test #3: datagram .........................   Passed    0.02 sec
    Start 4: control_session
4/9 Test #4: control_session ..................   Passed    0.01 sec
    Start 5: transport_budget
5/9 Test #5: transport_budget .................   Passed    0.00 sec
    Start 6: pcm_codec
6/9 Test #6: pcm_codec ........................   Passed    0.00 sec
    Start 7: example_core
7/9 Test #7: example_core .....................   Passed    0.01 sec
    Start 8: example_peer
8/9 Test #8: example_peer .....................   Passed    0.00 sec
    Start 9: pi5_platform_policy
9/9 Test #9: pi5_platform_policy ..............   Passed    0.00 sec

100% tests passed, 0 tests failed out of 9

Total Test time (real) =   0.28 sec
-- Install configuration: "Release"
-- Installing: /home/admin/piaoip-release-2.5.0-20261003/src/AoIP-debug-tool/build/package-pi5/install.pcUY2N/lib/libaoip_core.a
-- Installing: /home/admin/piaoip-release-2.5.0-20261003/src/AoIP-debug-tool/build/package-pi5/install.pcUY2N/lib/libaoip_peer.a
-- Installing: /home/admin/piaoip-release-2.5.0-20261003/src/AoIP-debug-tool/build/package-pi5/install.pcUY2N/include
-- Installing: /home/admin/piaoip-release-2.5.0-20261003/src/AoIP-debug-tool/build/package-pi5/install.pcUY2N/include/aoip
-- Installing: /home/admin/piaoip-release-2.5.0-20261003/src/AoIP-debug-tool/build/package-pi5/install.pcUY2N/include/aoip/spsc_queue.hpp
-- Installing: /home/admin/piaoip-release-2.5.0-20261003/src/AoIP-debug-tool/build/package-pi5/install.pcUY2N/include/aoip/timeline.hpp
-- Installing: /home/admin/piaoip-release-2.5.0-20261003/src/AoIP-debug-tool/build/package-pi5/install.pcUY2N/include/aoip/protocol.hpp
-- Installing: /home/admin/piaoip-release-2.5.0-20261003/src/AoIP-debug-tool/build/package-pi5/install.pcUY2N/include/aoip/transport_budget.hpp
-- Installing: /home/admin/piaoip-release-2.5.0-20261003/src/AoIP-debug-tool/build/package-pi5/install.pcUY2N/include/aoip/receive_budget.hpp
-- Installing: /home/admin/piaoip-release-2.5.0-20261003/src/AoIP-debug-tool/build/package-pi5/install.pcUY2N/include/aoip/channels.hpp
-- Installing: /home/admin/piaoip-release-2.5.0-20261003/src/AoIP-debug-tool/build/package-pi5/install.pcUY2N/include/aoip/pcm_codec.hpp
-- Installing: /home/admin/piaoip-release-2.5.0-20261003/src/AoIP-debug-tool/build/package-pi5/install.pcUY2N/include/aoip/peer.hpp
-- Installing: /home/admin/piaoip-release-2.5.0-20261003/src/AoIP-debug-tool/build/package-pi5/install.pcUY2N/include/aoip/sequence_window.hpp
-- Installing: /home/admin/piaoip-release-2.5.0-20261003/src/AoIP-debug-tool/build/package-pi5/install.pcUY2N/include/aoip/service.hpp
-- Installing: /home/admin/piaoip-release-2.5.0-20261003/src/AoIP-debug-tool/build/package-pi5/install.pcUY2N/include/aoip/profile.hpp
-- Installing: /home/admin/piaoip-release-2.5.0-20261003/src/AoIP-debug-tool/build/package-pi5/install.pcUY2N/include/aoip/diagnostics.hpp
-- Installing: /home/admin/piaoip-release-2.5.0-20261003/src/AoIP-debug-tool/build/package-pi5/install.pcUY2N/include/aoip/device_identity.hpp
-- Installing: /home/admin/piaoip-release-2.5.0-20261003/src/AoIP-debug-tool/build/package-pi5/install.pcUY2N/include/aoip/session.hpp
-- Installing: /home/admin/piaoip-release-2.5.0-20261003/src/AoIP-debug-tool/build/package-pi5/install.pcUY2N/include/aoip/probe_marker.hpp
-- Installing: /home/admin/piaoip-release-2.5.0-20261003/src/AoIP-debug-tool/build/package-pi5/install.pcUY2N/lib/cmake/AoIP/AoIPTargets.cmake
-- Installing: /home/admin/piaoip-release-2.5.0-20261003/src/AoIP-debug-tool/build/package-pi5/install.pcUY2N/lib/cmake/AoIP/AoIPTargets-release.cmake
-- Installing: /home/admin/piaoip-release-2.5.0-20261003/src/AoIP-debug-tool/build/package-pi5/install.pcUY2N/lib/cmake/AoIP/AoIPConfig.cmake
-- Installing: /home/admin/piaoip-release-2.5.0-20261003/src/AoIP-debug-tool/build/package-pi5/install.pcUY2N/lib/cmake/AoIP/AoIPConfigVersion.cmake
-- Installing: /home/admin/piaoip-release-2.5.0-20261003/src/AoIP-debug-tool/build/package-pi5/install.pcUY2N/lib/cmake/PiAoIP/PiAoIPConfig.cmake
-- Installing: /home/admin/piaoip-release-2.5.0-20261003/src/AoIP-debug-tool/build/package-pi5/install.pcUY2N/share/licenses/AoIP-lib/LICENSE
-- Installing: /home/admin/piaoip-release-2.5.0-20261003/src/AoIP-debug-tool/build/package-pi5/install.pcUY2N/lib/libaoip_rpi5.a
-- Up-to-date: /home/admin/piaoip-release-2.5.0-20261003/src/AoIP-debug-tool/build/package-pi5/install.pcUY2N/include
-- Up-to-date: /home/admin/piaoip-release-2.5.0-20261003/src/AoIP-debug-tool/build/package-pi5/install.pcUY2N/include/aoip
-- Installing: /home/admin/piaoip-release-2.5.0-20261003/src/AoIP-debug-tool/build/package-pi5/install.pcUY2N/include/aoip/rpi5.hpp
-- Installing: /home/admin/piaoip-release-2.5.0-20261003/src/AoIP-debug-tool/build/package-pi5/install.pcUY2N/lib/cmake/Pi5AoIP/Pi5AoIPTargets.cmake
-- Installing: /home/admin/piaoip-release-2.5.0-20261003/src/AoIP-debug-tool/build/package-pi5/install.pcUY2N/lib/cmake/Pi5AoIP/Pi5AoIPTargets-release.cmake
-- Installing: /home/admin/piaoip-release-2.5.0-20261003/src/AoIP-debug-tool/build/package-pi5/install.pcUY2N/lib/cmake/Pi5AoIP/Pi5AoIPConfig.cmake
-- Installing: /home/admin/piaoip-release-2.5.0-20261003/src/AoIP-debug-tool/build/package-pi5/install.pcUY2N/lib/cmake/Pi5AoIP/Pi5AoIPConfigVersion.cmake
-- Installing: /home/admin/piaoip-release-2.5.0-20261003/src/AoIP-debug-tool/build/package-pi5/install.pcUY2N/share/licenses/Pi5-AoIP/LICENSE
dpkg-deb: building package 'piaoip-rpi5' in '/home/admin/piaoip-release-2.5.0-20261003/artifacts/piaoip-rpi5_2.5.0-1_arm64.deb'.
dpkg-deb: building package 'piaoip-rpi5-sdk' in '/home/admin/piaoip-release-2.5.0-20261003/artifacts/piaoip-rpi5-sdk_2.5.0-1_arm64.deb'.
 new Debian package, version 2.0.
 size 53512 bytes: control archive=2276 bytes.
      22 bytes,     1 lines      conffiles
     726 bytes,    15 lines      control
     751 bytes,    11 lines      md5sums
    1483 bytes,    34 lines   *  postinst             #!/bin/sh
    1140 bytes,    29 lines   *  postrm               #!/bin/sh
    1475 bytes,    35 lines   *  preinst              #!/bin/sh
     181 bytes,     7 lines   *  prerm                #!/bin/sh
 Package: piaoip-rpi5
 Version: 2.5.0-1
 Architecture: arm64
 Maintainer: danrey-bilo <80554517+danrey-bilo@users.noreply.github.com>
 Section: sound
 Priority: optional
 Conflicts: piaoip-rpi4
 Depends: libc6 (>= 2.38), libgcc-s1 (>= 3.0), libstdc++6 (>= 12), adduser, init-system-helpers, systemd, python3, ethtool
 Homepage: https://github.com/danrey-bilo/Pi5-AoIP
 Installed-Size: 8552
 Description: PiAoIP audio transport for Raspberry Pi 5 PREEMPT_RT
  Synthetic UDP PCM16/24/32 peer; fresh profile 8x8, 192 kHz PCM24.
  Requires Pi 5 Model B, PREEMPT_RT and Debian 13 ARM64.
  All Pi5 AoIP roles use CPU0; CPU1, CPU2 and CPU3 are available for other work.
  Personal noncommercial use is free; commercial use requires a paid license.
